1772184682026	geckodriver	INFO	Listening on 127.0.0.1:60607
1772184685170	mozrunner::runner	INFO	Running command: "C:\\Program Files\\Mozilla Firefox\\firefox.exe" "--marionette" "--remote-debugging-port" "60608" "--remote-allow-hosts" "localhost" "-no-remote" "-profile" "C:\\Users\\BORBEL~1\\AppData\\Local\\Temp\\rust_mozprofilev5uKTO"
console.warn: services.settings: Ignoring preference override of remote settings server
console.warn: services.settings: Allow by setting MOZ_REMOTE_SETTINGS_DEVTOOLS=1 in the environment
Dynamically enable window occlusion 0
1772184685606	Marionette	INFO	Marionette enabled
1772184685682	Marionette	INFO	Listening on port 60618
WebDriver BiDi listening on ws://127.0.0.1:60608
Read port: 60618
1772184685854	RemoteAgent	WARN	TLS certificate errors will be ignored for this session
console.warn: LoginRecipes: "Falling back to a synchronous message for: https://www.saucedemo.com."
console.warn: LoginRecipes: "Falling back to a synchronous message for: https://www.saucedemo.com."
JavaScript warning: https://www.saucedemo.com/static/js/main.bcf4bc5f.js, line 2: Script terminated by timeout at:
get@https://www.saucedemo.com/static/js/main.bcf4bc5f.js:2:507274
89083/r/936/t/7429/value/<@https://www.saucedemo.com/static/js/main.bcf4bc5f.js:2:440891

1772184691377	Marionette	INFO	Stopped listening on port 60618
Dynamically enable window occlusion 1
console.error: "Failed to fetch https://spocs.getpocket.com/user:" "NetworkError when attempting to fetch resource."
console.error: (new TypeError("NetworkError when attempting to fetch resource.", ""))
console.error: (new Error("OHTTP was configured for https://ads.mozilla.org/v1/delete_user but we couldn't fetch a valid config", "moz-src:///browser/modules/ContextId.sys.mjs", 234))
console.warn: TopSitesFeed: Failed to fetch data from MARS server: NetworkError when attempting to fetch resource.
JavaScript error: resource://gre/modules/ObliviousHTTP.sys.mjs, line 117: NS_ERROR_XPC_CANT_CONVERT_PRIMITIVE_TO_ARRAY: Cannot convert primitive JavaScript value into an array arg 2 [nsIObliviousHttpService.newChannel]
JavaScript error: resource://services-settings/RemoteSettingsClient.sys.mjs, line 85: Error: Unknown callback
